{"level":"info","ts":1742348867.7011962,"caller":"go_and_java/zap.go:18","msg":"hello world","sb":"hz","sss":"sss"}
